.\gradlew : 
En línea: 1 Carácter: 1
+ .\gradlew compileJava --console=plain > 
build_errors.txt 2>&1
+ ~~~~~~~~~~~~~~~~~~~~~~~~~~~~~~~~~~~~~~~~~~
~~~~~~~~~~~~~~~~~~~
    + CategoryInfo          : NotSpecified: 
    (:String) [], RemoteException
    + FullyQualifiedErrorId : NativeCommand 
   Error
 
FAILURE: Build failed with an exception.

* What went wrong:
Could not determine the dependencies of 
task ':compileJava'.
> Could not resolve all dependencies for 
configuration ':compileClasspath'.
   > Failed to calculate the value of task 
':compileJava' property 'javaCompiler'.
      > Cannot find a Java installation on 
your machine (Windows 11 10.0 amd64) 
matching: {languageVersion=21, vendor=any 
vendor, implementation=vendor-specific, 
nativeImageCapable=false}. Toolchain 
download repositories have not been 
configured.

* Try:
> Learn more about toolchain auto-detection 
and auto-provisioning at https://docs.gradle
.org/9.3.1/userguide/toolchains.html#sec:aut
o_detection.
> Learn more about toolchain repositories 
at https://docs.gradle.org/9.3.1/userguide/t
oolchains.html#sub:download_repositories.
> Run with --stacktrace option to get the 
stack trace.
> Run with --info or --debug option to get 
more log output.
> Run with --scan to get full insights from 
a Build Scan (powered by Develocity).
> Get more help at https://help.gradle.org.

BUILD FAILED in 1s
